###############################################################################
#
# IAR ELF Linker V7.20.1.7305/W32 for ARM                 23/Sep/2017  15:09:13
# Copyright 2007-2014 IAR Systems AB.
#
#    Output file  =  
#        D:\EIE\Razor_Atmel-master\firmware_mpgl1\iar_7_20_1\Debug\Exe\mpgl1.out
#    Map file     =  
#        D:\EIE\Razor_Atmel-master\firmware_mpgl1\iar_7_20_1\Debug\List\mpgl1.map
#    Command line =  
#        D:\EIE\Razor_Atmel-master\firmware_mpgl1\iar_7_20_1\Debug\Obj\ant.o
#        D:\EIE\Razor_Atmel-master\firmware_mpgl1\iar_7_20_1\Debug\Obj\ant_api.o
#        D:\EIE\Razor_Atmel-master\firmware_mpgl1\iar_7_20_1\Debug\Obj\board_cstartup_iar.o
#        D:\EIE\Razor_Atmel-master\firmware_mpgl1\iar_7_20_1\Debug\Obj\buttons.o
#        D:\EIE\Razor_Atmel-master\firmware_mpgl1\iar_7_20_1\Debug\Obj\core_cm3.o
#        D:\EIE\Razor_Atmel-master\firmware_mpgl1\iar_7_20_1\Debug\Obj\debug.o
#        D:\EIE\Razor_Atmel-master\firmware_mpgl1\iar_7_20_1\Debug\Obj\exceptions.o
#        D:\EIE\Razor_Atmel-master\firmware_mpgl1\iar_7_20_1\Debug\Obj\interrupts.o
#        D:\EIE\Razor_Atmel-master\firmware_mpgl1\iar_7_20_1\Debug\Obj\lcd_nhd-c0220biz.o
#        D:\EIE\Razor_Atmel-master\firmware_mpgl1\iar_7_20_1\Debug\Obj\leds.o
#        D:\EIE\Razor_Atmel-master\firmware_mpgl1\iar_7_20_1\Debug\Obj\main.o
#        D:\EIE\Razor_Atmel-master\firmware_mpgl1\iar_7_20_1\Debug\Obj\messaging.o
#        D:\EIE\Razor_Atmel-master\firmware_mpgl1\iar_7_20_1\Debug\Obj\mpgl1-ehdw-03.o
#        D:\EIE\Razor_Atmel-master\firmware_mpgl1\iar_7_20_1\Debug\Obj\sam3u_i2c.o
#        D:\EIE\Razor_Atmel-master\firmware_mpgl1\iar_7_20_1\Debug\Obj\sam3u_ssp.o
#        D:\EIE\Razor_Atmel-master\firmware_mpgl1\iar_7_20_1\Debug\Obj\sam3u_uart.o
#        D:\EIE\Razor_Atmel-master\firmware_mpgl1\iar_7_20_1\Debug\Obj\sdcard.o
#        D:\EIE\Razor_Atmel-master\firmware_mpgl1\iar_7_20_1\Debug\Obj\timer.o
#        D:\EIE\Razor_Atmel-master\firmware_mpgl1\iar_7_20_1\Debug\Obj\user_app1.o
#        D:\EIE\Razor_Atmel-master\firmware_mpgl1\iar_7_20_1\Debug\Obj\user_app2.o
#        D:\EIE\Razor_Atmel-master\firmware_mpgl1\iar_7_20_1\Debug\Obj\user_app3.o
#        D:\EIE\Razor_Atmel-master\firmware_mpgl1\iar_7_20_1\Debug\Obj\utilities.o
#        --redirect _Printf=_PrintfTiny --redirect _Scanf=_ScanfSmallNoMb -o
#        D:\EIE\Razor_Atmel-master\firmware_mpgl1\iar_7_20_1\Debug\Exe\mpgl1.out
#        --map
#        D:\EIE\Razor_Atmel-master\firmware_mpgl1\iar_7_20_1\Debug\List\mpgl1.map
#        --log initialization,modules,sections --log_file
#        D:\EIE\Razor_Atmel-master\firmware_mpgl1\iar_7_20_1\Debug\List\mpgl1.log
#        --config
#        D:\EIE\Razor_Atmel-master\firmware_mpgl1\iar_7_20_1\..\..\firmware_mpg_common\sam3u2-flash.icf
#        --semihosting --entry __iar_program_start --vfe
#
###############################################################################

*******************************************************************************
*** RUNTIME MODEL ATTRIBUTES
***

CppFlavor       = *
__Heap_Handler  = Basic
__SystemLibrary = DLib


*******************************************************************************
*** PLACEMENT SUMMARY
***

"A1":  place at 0x00080000 { ro section .intvec };
"P1":  place in [from 0x00080000 to 0x0009ffff] { ro };
"P2":  place in [from 0x20000000 to 0x20003fff] { rw, block CSTACK };
"P3":  place in [from 0x20080000 to 0x20083fff] { block HEAP };

  Section            Kind        Address    Size  Object
  -------            ----        -------    ----  ------
"A1":                                       0xbc
  .intvec                     0x00080000    0xbc  <Block>
    .intvec          const    0x00080000    0xbc  board_cstartup_iar.o [1]
                            - 0x000800bc    0xbc

"P1":                                     0x4cf0
  .text              ro code  0x000800bc   0xe62  ant.o [1]
  .text              ro code  0x00080f1e    0x2e  copy_init3.o [4]
  .text              ro code  0x00080f4c    0x3c  utilities.o [1]
  .text              ro code  0x00080f88    0x76  ABImemcpy_unaligned.o [4]
  .text              ro code  0x00080ffe    0x22  zero_init3.o [4]
  .text              ro code  0x00081020   0x798  debug.o [1]
  .text              ro code  0x000817b8   0x8d0  sam3u_ssp.o [1]
  .text              ro code  0x00082088    0xb0  xxmemxmalloc.o [3]
  .text              ro code  0x00082138    0x80  xxmemxfree.o [3]
  .text              ro code  0x000821b8   0x29c  messaging.o [1]
  .text              ro code  0x00082454   0x578  sam3u_uart.o [1]
  .text              ro code  0x000829cc   0x388  leds.o [1]
  .text              ro code  0x00082d54    0x66  ABImemset.o [4]
  .rodata            const    0x00082dba     0x2  debug.o [1]
  .text              ro code  0x00082dbc    0x2c  xgetmemchunk.o [3]
  .text              ro code  0x00082de8   0x7f0  sam3u_i2c.o [1]
  .text              ro code  0x000835d8   0x458  mpgl1-ehdw-03.o [1]
  .text              ro code  0x00083a30   0x294  buttons.o [1]
  .text              ro code  0x00083cc4   0x210  user_app1.o [1]
  .text              ro code  0x00083ed4   0x18a  lcd_nhd-c0220biz.o [1]
  .text              ro code  0x0008405e     0x2  timer.o [1]
  .text              ro code  0x00084060   0x1c4  interrupts.o [1]
  .text              ro code  0x00084224    0xfe  timer.o [1]
  .text              ro code  0x00084324    0xd4  main.o [1]
  .text              ro code  0x000843f8    0xc0  sdcard.o [1]
  .text              ro code  0x000844b8    0x1a  user_app2.o [1]
  .text              ro code  0x000844d4    0x1a  user_app3.o [1]
  .rodata            const    0x000844f0    0x48  debug.o [1]
  .rodata            const    0x00084538    0x48  debug.o [1]
  .text              ro code  0x00084580    0x3c  exceptions.o [1]
  .rodata            const    0x000845bc    0x2c  ant.o [1]
  .text              ro code  0x000845e8    0x28  data_init.o [4]
  .rodata            const    0x00084610    0x24  ant.o [1]
  .rodata            const    0x00084634    0x24  debug.o [1]
  .rodata            const    0x00084658    0x24  debug.o [1]
  .rodata            const    0x0008467c    0x24  debug.o [1]
  .rodata            const    0x000846a0    0x24  debug.o [1]
  .rodata            const    0x000846c4    0x24  debug.o [1]
  .rodata            const    0x000846e8    0x24  debug.o [1]
  .rodata            const    0x0008470c    0x24  debug.o [1]
  .rodata            const    0x00084730    0x24  debug.o [1]
  .rodata            const    0x00084754    0x24  debug.o [1]
  .iar.init_table    const    0x00084778    0x24  - Linker created -
  .rodata            const    0x0008479c    0x20  interrupts.o [1]
  .rodata            const    0x000847bc    0x20  sam3u_uart.o [1]
  .rodata            const    0x000847dc    0x1c  ant.o [1]
  .rodata            const    0x000847f8    0x1c  debug.o [1]
  .text              ro code  0x00084814    0x1a  cmain.o [4]
  .text              ro code  0x00084830    0x14  board_cstartup_iar.o [1]
  .text              ro code  0x00084844     0x4  exit.o [3]
  .text              ro code  0x00084848     0xa  cexit.o [4]
  .text              ro code  0x00084854    0x14  exit.o [5]
  .rodata            const    0x00084868    0x18  ant.o [1]
  .rodata            const    0x00084880    0x18  ant.o [1]
  .rodata            const    0x00084898    0x18  lcd_nhd-c0220biz.o [1]
  .rodata            const    0x000848b0    0x18  sdcard.o [1]
  .rodata            const    0x000848c8    0x18  timer.o [1]
  .rodata            const    0x000848e0    0x18  user_app1.o [1]
  .rodata            const    0x000848f8    0x18  user_app1.o [1]
  .rodata            const    0x00084910    0x14  ant.o [1]
  .rodata            const    0x00084924    0x14  ant.o [1]
  .rodata            const    0x00084938    0x14  ant.o [1]
  .rodata            const    0x0008494c    0x14  ant.o [1]
  .rodata            const    0x00084960    0x14  debug.o [1]
  .rodata            const    0x00084974    0x10  buttons.o [1]
  .rodata            const    0x00084984     0xc  debug.o [1]
  .rodata            const    0x00084990     0xc  debug.o [1]
  .text              ro code  0x0008499c     0xc  cstartup_M.o [4]
  .rodata            const    0x000849a8     0x8  ant.o [1]
  .rodata            const    0x000849b0     0x8  lcd_nhd-c0220biz.o [1]
  .rodata            const    0x000849b8     0x8  user_app1.o [1]
  .rodata            const    0x000849c0     0x8  user_app1.o [1]
  .rodata            const    0x000849c8     0x0  zero_init3.o [4]
  .rodata            const    0x000849c8     0x0  copy_init3.o [4]
  Initializer bytes  ro data  0x000849c8   0x3e4  <for P2 s0>
                            - 0x00084dac  0x4cf0

"P2":                                     0x28e8
  P2 s0                       0x20000000   0x3e4  <Init block>
    .data            inited   0x20000000    0x70  leds.o [1]
    .data            inited   0x20000070    0x50  ant.o [1]
    .data            inited   0x200000c0    0x44  debug.o [1]
    .data            inited   0x20000104    0x40  ant.o [1]
    .data            inited   0x20000144    0x40  debug.o [1]
    .data            inited   0x20000184    0x2c  lcd_nhd-c0220biz.o [1]
    .data            inited   0x200001b0    0x2c  lcd_nhd-c0220biz.o [1]
    .data            inited   0x200001dc    0x2c  leds.o [1]
    .data            inited   0x20000208    0x20  ant.o [1]
    .data            inited   0x20000228    0x20  ant.o [1]
    .data            inited   0x20000248    0x20  debug.o [1]
    .data            inited   0x20000268    0x20  mpgl1-ehdw-03.o [1]
    .data            inited   0x20000288    0x1c  ant.o [1]
    .data            inited   0x200002a4    0x18  ant.o [1]
    .data            inited   0x200002bc    0x18  ant.o [1]
    .data            inited   0x200002d4    0x18  debug.o [1]
    .data            inited   0x200002ec    0x18  leds.o [1]
    .data            inited   0x20000304    0x18  sam3u_ssp.o [1]
    .data            inited   0x2000031c    0x18  sam3u_ssp.o [1]
    .data            inited   0x20000334    0x14  ant.o [1]
    .data            inited   0x20000348    0x14  ant.o [1]
    .data            inited   0x2000035c    0x14  ant.o [1]
    .data            inited   0x20000370    0x14  buttons.o [1]
    .data            inited   0x20000384    0x14  debug.o [1]
    .data            inited   0x20000398    0x10  ant.o [1]
    .data            inited   0x200003a8     0x8  ant.o [1]
    .data            inited   0x200003b0     0x8  ant.o [1]
    .data            inited   0x200003b8     0x8  buttons.o [1]
    .data            inited   0x200003c0     0x8  debug.o [1]
    .data            inited   0x200003c8     0x8  utilities.o [1]
    .data            inited   0x200003d0     0x8  utilities.o [1]
    .data            inited   0x200003d8     0x4  debug.o [1]
    .data            inited   0x200003dc     0x4  messaging.o [1]
    .data            inited   0x200003e0     0x2  interrupts.o [1]
  .bss               zero     0x200003e4   0x900  messaging.o [1]
  .bss               zero     0x20000ce4   0x300  messaging.o [1]
  .bss               zero     0x20000fe4   0x224  sdcard.o [1]
  .bss               zero     0x20001208   0x100  ant.o [1]
  .bss               zero     0x20001308   0x100  sam3u_i2c.o [1]
  .bss               zero     0x20001408    0x80  debug.o [1]
  .bss               zero     0x20001488    0x80  debug.o [1]
  .bss               zero     0x20001508    0x80  sam3u_ssp.o [1]
  .bss               zero     0x20001588    0x40  debug.o [1]
  .bss               zero     0x200015c8    0x34  sam3u_ssp.o [1]
  .bss               zero     0x200015fc    0x34  sam3u_ssp.o [1]
  .bss               zero     0x20001630    0x34  sam3u_ssp.o [1]
  .bss               zero     0x20001664    0x24  ant.o [1]
  .bss               zero     0x20001688    0x24  sam3u_uart.o [1]
  .bss               zero     0x200016ac    0x24  sam3u_uart.o [1]
  .bss               zero     0x200016d0    0x24  sam3u_uart.o [1]
  .bss               zero     0x200016f4    0x24  sam3u_uart.o [1]
  .bss               zero     0x20001718    0x24  sdcard.o [1]
  .bss               zero     0x2000173c    0x10  buttons.o [1]
  .bss               zero     0x2000174c    0x10  buttons.o [1]
  .bss               zero     0x2000175c    0x10  sam3u_i2c.o [1]
  .bss               zero     0x2000176c     0xc  ant.o [1]
  .bss               zero     0x20001778     0xc  ant.o [1]
  .bss               zero     0x20001784     0x8  xxmemxmalloc.o [3]
  .bss               zero     0x2000178c     0x4  ant.o [1]
  .bss               zero     0x20001790     0x4  ant.o [1]
  .bss               zero     0x20001794     0x4  ant.o [1]
  .bss               zero     0x20001798     0x4  ant.o [1]
  .bss               zero     0x2000179c     0x4  ant.o [1]
  .bss               zero     0x200017a0     0x4  ant.o [1]
  .bss               zero     0x200017a4     0x4  ant.o [1]
  .bss               zero     0x200017a8     0x4  ant.o [1]
  .bss               zero     0x200017ac     0x4  ant.o [1]
  .bss               zero     0x200017b0     0x4  ant.o [1]
  .bss               zero     0x200017b4     0x4  ant.o [1]
  .bss               zero     0x200017b8     0x4  ant.o [1]
  .bss               zero     0x200017bc     0x4  ant.o [1]
  .bss               zero     0x200017c0     0x4  ant.o [1]
  .bss               zero     0x200017c4     0x4  ant.o [1]
  .bss               zero     0x200017c8     0x4  ant.o [1]
  .bss               zero     0x200017cc     0x4  ant.o [1]
  .bss               zero     0x200017d0     0x4  ant.o [1]
  .bss               zero     0x200017d4     0x4  ant.o [1]
  .bss               zero     0x200017d8     0x4  buttons.o [1]
  .bss               zero     0x200017dc     0x4  buttons.o [1]
  .bss               zero     0x200017e0     0x4  buttons.o [1]
  .bss               zero     0x200017e4     0x4  buttons.o [1]
  .bss               zero     0x200017e8     0x4  buttons.o [1]
  .bss               zero     0x200017ec     0x4  debug.o [1]
  .bss               zero     0x200017f0     0x4  debug.o [1]
  .bss               zero     0x200017f4     0x4  debug.o [1]
  .bss               zero     0x200017f8     0x4  debug.o [1]
  .bss               zero     0x200017fc     0x4  debug.o [1]
  .bss               zero     0x20001800     0x4  debug.o [1]
  .bss               zero     0x20001804     0x4  debug.o [1]
  .bss               zero     0x20001808     0x4  lcd_nhd-c0220biz.o [1]
  .bss               zero     0x2000180c     0x4  lcd_nhd-c0220biz.o [1]
  .bss               zero     0x20001810     0x4  main.o [1]
  .bss               zero     0x20001814     0x4  main.o [1]
  .bss               zero     0x20001818     0x4  messaging.o [1]
  .bss               zero     0x2000181c     0x4  messaging.o [1]
  .bss               zero     0x20001820     0x4  messaging.o [1]
  .bss               zero     0x20001824     0x4  messaging.o [1]
  .bss               zero     0x20001828     0x4  mpgl1-ehdw-03.o [1]
  .bss               zero     0x2000182c     0x4  mpgl1-ehdw-03.o [1]
  .bss               zero     0x20001830     0x4  mpgl1-ehdw-03.o [1]
  .bss               zero     0x20001834     0x4  mpgl1-ehdw-03.o [1]
  .bss               zero     0x20001838     0x4  sam3u_i2c.o [1]
  .bss               zero     0x2000183c     0x4  sam3u_i2c.o [1]
  .bss               zero     0x20001840     0x4  sam3u_i2c.o [1]
  .bss               zero     0x20001844     0x4  sam3u_i2c.o [1]
  .bss               zero     0x20001848     0x4  sam3u_i2c.o [1]
  .bss               zero     0x2000184c     0x4  sam3u_i2c.o [1]
  .bss               zero     0x20001850     0x4  sam3u_ssp.o [1]
  .bss               zero     0x20001854     0x4  sam3u_ssp.o [1]
  .bss               zero     0x20001858     0x4  sam3u_ssp.o [1]
  .bss               zero     0x2000185c     0x4  sam3u_ssp.o [1]
  .bss               zero     0x20001860     0x4  sam3u_ssp.o [1]
  .bss               zero     0x20001864     0x4  sam3u_ssp.o [1]
  .bss               zero     0x20001868     0x4  sam3u_ssp.o [1]
  .bss               zero     0x2000186c     0x4  sam3u_ssp.o [1]
  .bss               zero     0x20001870     0x4  sam3u_ssp.o [1]
  .bss               zero     0x20001874     0x4  sam3u_ssp.o [1]
  .bss               zero     0x20001878     0x4  sam3u_ssp.o [1]
  .bss               zero     0x2000187c     0x4  sam3u_uart.o [1]
  .bss               zero     0x20001880     0x4  sam3u_uart.o [1]
  .bss               zero     0x20001884     0x4  sam3u_uart.o [1]
  .bss               zero     0x20001888     0x4  sam3u_uart.o [1]
  .bss               zero     0x2000188c     0x4  sam3u_uart.o [1]
  .bss               zero     0x20001890     0x4  sam3u_uart.o [1]
  .bss               zero     0x20001894     0x4  sam3u_uart.o [1]
  .bss               zero     0x20001898     0x4  sam3u_uart.o [1]
  .bss               zero     0x2000189c     0x4  sam3u_uart.o [1]
  .bss               zero     0x200018a0     0x4  sam3u_uart.o [1]
  .bss               zero     0x200018a4     0x4  sdcard.o [1]
  .bss               zero     0x200018a8     0x4  sdcard.o [1]
  .bss               zero     0x200018ac     0x4  sdcard.o [1]
  .bss               zero     0x200018b0     0x4  sdcard.o [1]
  .bss               zero     0x200018b4     0x4  timer.o [1]
  .bss               zero     0x200018b8     0x4  timer.o [1]
  .bss               zero     0x200018bc     0x4  timer.o [1]
  .bss               zero     0x200018c0     0x4  user_app1.o [1]
  .bss               zero     0x200018c4     0x4  user_app2.o [1]
  .bss               zero     0x200018c8     0x4  user_app3.o [1]
  .bss               zero     0x200018cc     0x4  xgetmemchunk.o [3]
  .bss               zero     0x200018d0     0x2  debug.o [1]
  .bss               zero     0x200018d2     0x2  lcd_nhd-c0220biz.o [1]
  .bss               zero     0x200018d4     0x2  user_app1.o [1]
  .bss               zero     0x200018d6     0x2  user_app1.o [1]
  .bss               zero     0x200018d8     0x1  ant.o [1]
  .bss               zero     0x200018d9     0x1  ant.o [1]
  .bss               zero     0x200018da     0x1  ant.o [1]
  .bss               zero     0x200018db     0x1  ant.o [1]
  .bss               zero     0x200018dc     0x1  debug.o [1]
  .bss               zero     0x200018dd     0x1  debug.o [1]
  .bss               zero     0x200018de     0x1  debug.o [1]
  .bss               zero     0x200018df     0x1  messaging.o [1]
  .bss               zero     0x200018e0     0x1  sam3u_i2c.o [1]
  .bss               zero     0x200018e1     0x1  sam3u_i2c.o [1]
  .bss               zero     0x200018e2     0x1  sam3u_i2c.o [1]
  .bss               zero     0x200018e3     0x1  sam3u_uart.o [1]
  .bss               zero     0x200018e4     0x1  user_app1.o [1]
  .bss               zero     0x200018e5     0x1  user_app1.o [1]
  CSTACK                      0x200018e8  0x1000  <Block>
    CSTACK           uninit   0x200018e8  0x1000  <Block tail>
                            - 0x200028e8  0x28e8

"P3":                                     0x4000
  HEAP                        0x20080000  0x4000  <Block>
    HEAP             uninit   0x20080000  0x4000  <Block tail>
                            - 0x20084000  0x4000


*******************************************************************************
*** INIT TABLE
***

          Address     Size
          -------     ----
Zero (__iar_zero_init3)
    1 destination range, total size 0x1502:
          0x200003e4  0x1502

Copy (__iar_copy_init3)
    1 source range, total size 0x3e4 (100% of destination):
          0x000849c8   0x3e4
    1 destination range, total size 0x3e2:
          0x20000000   0x3e2



*******************************************************************************
*** MODULE SUMMARY
***

    Module                 ro code  ro data  rw data
    ------                 -------  -------  -------
D:\EIE\Razor_Atmel-master\firmware_mpgl1\iar_7_20_1\Debug\Obj: [1]
    ant.o                    3 682      620      772
    board_cstartup_iar.o        20      188
    buttons.o                  660       44       80
    debug.o                  1 944      762      573
    exceptions.o                60
    interrupts.o               452       34        2
    lcd_nhd-c0220biz.o         394      120       98
    leds.o                     904      180      180
    main.o                     212                 8
    messaging.o                668        4    3 093
    mpgl1-ehdw-03.o          1 112       32       48
    sam3u_i2c.o              2 032               299
    sam3u_ssp.o              2 256       48      376
    sam3u_uart.o             1 400       32      185
    sdcard.o                   192       24      600
    timer.o                    256       24       12
    user_app1.o                528       64       10
    user_app2.o                 26                 4
    user_app3.o                 26                 4
    utilities.o                 60       16       16
    ------------------------------------------------
    Total:                  16 884    2 192    6 360

command line: [2]
    ------------------------------------------------
    Total:

dl7M_tln.a: [3]
    exit.o                       4
    xgetmemchunk.o              44                 4
    xxmemxfree.o               128
    xxmemxmalloc.o             176                 8
    ------------------------------------------------
    Total:                     352                12

rt7M_tl.a: [4]
    ABImemcpy_unaligned.o      118
    ABImemset.o                102
    cexit.o                     10
    cmain.o                     26
    copy_init3.o                46
    cstartup_M.o                12
    data_init.o                 40
    zero_init3.o                34
    ------------------------------------------------
    Total:                     388

shb_l.a: [5]
    exit.o                      20
    ------------------------------------------------
    Total:                      20

    Gaps                         8        2
    Linker created                       38   20 480
----------------------------------------------------
    Grand Total:            17 652    2 232   26 852


*******************************************************************************
*** ENTRY LIST
***

Entry                      Address   Size  Type      Object
-----                      -------   ----  ----      ------
.intvec$$Base           0x00080000          --   Gb  - Linker created -
.intvec$$Limit          0x000800bc          --   Gb  - Linker created -
?main                   0x00084815         Code  Gb  cmain.o [4]
ADCC0_IrqHandler        0x000845b5    0x2  Code  Wk  exceptions.o [1]
ADCC1_IrqHandler        0x000845b7    0x2  Code  Wk  exceptions.o [1]
AddNewMessageStatus     0x000823d9   0x34  Code  Lc  messaging.o [1]
AdvanceAntRxBufferCurrentChar
                        0x0008043d   0x28  Code  Lc  ant.o [1]
AdvanceAntRxBufferUnreadMsgPointer
                        0x00080465   0x28  Code  Lc  ant.o [1]
AntAbortMessage         0x00080411   0x2c  Code  Lc  ant.o [1]
AntCalculateTxChecksum  0x000808f7   0x24  Code  Gb  ant.o [1]
AntDeQueueOutgoingMessage
                        0x00080ccf   0x22  Code  Lc  ant.o [1]
AntExpectResponse       0x000807b5   0xe4  Code  Gb  ant.o [1]
AntInitialize           0x0008048d  0x190  Code  Gb  ant.o [1]
AntProcessMessage       0x00080925  0x2a4  Code  Lc  ant.o [1]
AntQueueApplicationMessage
                        0x00080c29   0xa6  Code  Lc  ant.o [1]
AntRunActiveState       0x0008061d    0xc  Code  Gb  ant.o [1]
AntRxFlowControlCallback
                        0x000808b1   0x46  Code  Gb  ant.o [1]
AntRxMessage            0x000801cd  0x244  Code  Lc  ant.o [1]
AntSM_Idle              0x00080d15   0x96  Code  Gb  ant.o [1]
AntSM_NoResponse        0x00080f1d    0x2  Code  Gb  ant.o [1]
AntSM_ReceiveMessage    0x00080db1   0x18  Code  Gb  ant.o [1]
AntSM_TransmitMessage   0x00080dd5   0x76  Code  Gb  ant.o [1]
AntSrdyPulse            0x000801a3   0x2a  Code  Lc  ant.o [1]
AntSyncSerialInitialize
                        0x000800bd   0xe6  Code  Lc  ant.o [1]
AntTick                 0x00080bd1   0x42  Code  Lc  ant.o [1]
AntTxFlowControlCallback
                        0x00080899   0x16  Code  Gb  ant.o [1]
AntTxMessage            0x00080629  0x18c  Code  Gb  ant.o [1]
Ant_DebugProcessRxMessages
                        0x200017d4    0x4  Data  Lc  ant.o [1]
Ant_DebugRxMessageCounter
                        0x200017cc    0x4  Data  Lc  ant.o [1]
Ant_DebugTotalRxMessages
                        0x200017d0    0x4  Data  Lc  ant.o [1]
Ant_Ssp                 0x200017b4    0x4  Data  Lc  ant.o [1]
Ant_au8AntRxBuffer      0x20001208  0x100  Data  Lc  ant.o [1]
Ant_pfnStateMachine     0x20001794    0x4  Data  Lc  ant.o [1]
Ant_psDataOutgoingMsgList
                        0x200017c8    0x4  Data  Lc  ant.o [1]
Ant_pu8AntRxBufferCurrentChar
                        0x200017bc    0x4  Data  Lc  ant.o [1]
Ant_pu8AntRxBufferNextChar
                        0x200017b8    0x4  Data  Lc  ant.o [1]
Ant_pu8AntRxBufferUnreadMsg
                        0x200017c0    0x4  Data  Lc  ant.o [1]
Ant_sSspConfig          0x20001664   0x24  Data  Lc  ant.o [1]
Ant_u32ApplicationMessageCount
                        0x200017c4    0x4  Data  Lc  ant.o [1]
Ant_u32CurrentTxMessageToken
                        0x200017b0    0x4  Data  Lc  ant.o [1]
Ant_u32RxByteCounter    0x200017a4    0x4  Data  Lc  ant.o [1]
Ant_u32RxTimeoutCounter
                        0x200017a8    0x4  Data  Lc  ant.o [1]
Ant_u32RxTimer          0x20001798    0x4  Data  Lc  ant.o [1]
Ant_u32TxByteCounter    0x200017a0    0x4  Data  Lc  ant.o [1]
Ant_u32TxTimer          0x2000179c    0x4  Data  Lc  ant.o [1]
Ant_u32UnexpectedByteCounter
                        0x200017ac    0x4  Data  Lc  ant.o [1]
Ant_u8AntNewRxMessages  0x200018d8    0x1  Data  Lc  ant.o [1]
Ant_u8AntVersion        0x20001778    0xc  Data  Lc  ant.o [1]
Ant_u8SlaveMissedMessageHigh
                        0x200018d9    0x1  Data  Lc  ant.o [1]
Ant_u8SlaveMissedMessageLow
                        0x200018db    0x1  Data  Lc  ant.o [1]
Ant_u8SlaveMissedMessageMid
                        0x200018da    0x1  Data  Lc  ant.o [1]
Bsp_u32TimingViolationsCounter
                        0x20001830    0x4  Data  Lc  mpgl1-ehdw-03.o [1]
BusFault_Handler        0x00084587    0x2  Code  Wk  exceptions.o [1]
ButtonAcknowledge       0x00083a6b    0x8  Code  Gb  buttons.o [1]
ButtonInitialize        0x00083a73   0xb0  Code  Gb  buttons.o [1]
ButtonRunActiveState    0x00083b23    0xa  Code  Gb  buttons.o [1]
ButtonSM_ButtonActive   0x00083b75   0xfc  Code  Lc  buttons.o [1]
ButtonSM_Idle           0x00083b55   0x20  Code  Lc  buttons.o [1]
Button_abNewPress       0x200017e8    0x4  Data  Lc  buttons.o [1]
Button_aeCurrentState   0x200017e0    0x4  Data  Lc  buttons.o [1]
Button_aeNewState       0x200017e4    0x4  Data  Lc  buttons.o [1]
Button_au32ButtonPins   0x00084974   0x10  Data  Lc  buttons.o [1]
Button_au32HoldTimeStart
                        0x2000174c   0x10  Data  Lc  buttons.o [1]
Button_pfnStateMachine  0x200017dc    0x4  Data  Lc  buttons.o [1]
Buttons_asArray         0x200003b8    0x8  Data  Lc  buttons.o [1]
CSTACK$$Base            0x200018e8          --   Gb  - Linker created -
CSTACK$$Limit           0x200028e8          --   Gb  - Linker created -
ClockSetup              0x000835d9   0x80  Code  Gb  mpgl1-ehdw-03.o [1]
DBGU_IrqHandler         0x00082751   0x1e  Code  Gb  sam3u_uart.o [1]
DeQueueMessage          0x000822eb   0x56  Code  Gb  messaging.o [1]
DebugCommandDummy       0x00081353   0x1a  Code  Lc  debug.o [1]
DebugCommandLedTestToggle
                        0x0008136d   0xb6  Code  Lc  debug.o [1]
DebugCommandPrepareList
                        0x000812b5   0x9e  Code  Lc  debug.o [1]
DebugCommandSysTimeToggle
                        0x00081489   0x48  Code  Lc  debug.o [1]
DebugInitialize         0x000811c5   0xbc  Code  Gb  debug.o [1]
DebugLedTestCharacter   0x00081423   0x66  Code  Lc  debug.o [1]
DebugLineFeed           0x00081045   0x1c  Code  Gb  debug.o [1]
DebugMon_Handler        0x0008458d    0x2  Code  Wk  exceptions.o [1]
DebugPrintNumber        0x00081061   0xb0  Code  Gb  debug.o [1]
DebugPrintf             0x00081021   0x24  Code  Gb  debug.o [1]
DebugRunActiveState     0x00081281    0xc  Code  Gb  debug.o [1]
DebugRxCallback         0x0008128d   0x28  Code  Gb  debug.o [1]
DebugSM_CheckCmd        0x00081629   0xb2  Code  Lc  debug.o [1]
DebugSM_Error           0x000816f5   0x34  Code  Lc  debug.o [1]
DebugSM_Idle            0x000814d1  0x158  Code  Lc  debug.o [1]
DebugSM_ProcessCmd      0x000816dd   0x18  Code  Lc  debug.o [1]
DebugScanf              0x00081111   0x40  Code  Gb  debug.o [1]
Debug_Uart              0x200017f4    0x4  Data  Lc  debug.o [1]
Debug_au8CommandBuffer  0x20001588   0x40  Data  Lc  debug.o [1]
Debug_au8Commands       0x20000144   0x40  Data  Gb  debug.o [1]
Debug_au8RxBuffer       0x20001488   0x80  Data  Lc  debug.o [1]
Debug_au8StartupMsg     0x200000c0   0x44  Data  Lc  debug.o [1]
Debug_pfnStateMachine   0x200017f0    0x4  Data  Lc  debug.o [1]
Debug_pu8CmdBufferNextChar
                        0x20001804    0x4  Data  Lc  debug.o [1]
Debug_pu8RxBufferNextChar
                        0x200017fc    0x4  Data  Lc  debug.o [1]
Debug_pu8RxBufferParser
                        0x20001800    0x4  Data  Lc  debug.o [1]
Debug_u16CommandSize    0x200018d0    0x2  Data  Lc  debug.o [1]
Debug_u32CurrentMessageToken
                        0x200017f8    0x4  Data  Lc  debug.o [1]
Debug_u8Command         0x200018de    0x1  Data  Lc  debug.o [1]
Debug_u8ErrorCode       0x200018dd    0x1  Data  Lc  debug.o [1]
EFC0_IrqHandler         0x0008459d    0x2  Code  Wk  exceptions.o [1]
EFC1_IrqHandler         0x0008459f    0x2  Code  Wk  exceptions.o [1]
G_abButtonDebounceActive
                        0x200017d8    0x4  Data  Gb  buttons.o [1]
G_au32ButtonDebounceTimeStart
                        0x2000173c   0x10  Data  Gb  buttons.o [1]
G_au8AntMessageAssign   0x20000334   0x14  Data  Gb  ant.o [1]
G_au8AntMessageClose    0x20000348   0x14  Data  Gb  ant.o [1]
G_au8AntMessageFail     0x200003b0    0x8  Data  Gb  ant.o [1]
G_au8AntMessageInit     0x200002bc   0x18  Data  Gb  ant.o [1]
G_au8AntMessageInitFail
                        0x20000208   0x20  Data  Gb  ant.o [1]
G_au8AntMessageNoAnt    0x20000104   0x40  Data  Gb  ant.o [1]
G_au8AntMessageOk       0x200003a8    0x8  Data  Gb  ant.o [1]
G_au8AntMessageOpen     0x2000035c   0x14  Data  Gb  ant.o [1]
G_au8AntMessageUnassign
                        0x200002a4   0x18  Data  Gb  ant.o [1]
G_au8AntMessageUnhandled
                        0x20000288   0x1c  Data  Gb  ant.o [1]
G_au8DebugScanfBuffer   0x20001408   0x80  Data  Gb  debug.o [1]
G_au8MessageOFF         0x200003d0    0x8  Data  Gb  utilities.o [1]
G_au8MessageON          0x200003c8    0x8  Data  Gb  utilities.o [1]
G_sAntApplicationMsgList
                        0x20001790    0x4  Data  Gb  ant.o [1]
G_stAntSetupData        0x2000176c    0xc  Data  Gb  ant.o [1]
G_u32AntFlags           0x2000178c    0x4  Data  Gb  ant.o [1]
G_u32ApplicationFlags   0x20001814    0x4  Data  Gb  main.o [1]
G_u32DebugFlags         0x200017ec    0x4  Data  Gb  debug.o [1]
G_u32MessagingFlags     0x20001818    0x4  Data  Gb  messaging.o [1]
G_u32Ssp1ApplicationFlags
                        0x20001850    0x4  Data  Gb  sam3u_ssp.o [1]
G_u32Ssp2ApplicationFlags
                        0x20001854    0x4  Data  Gb  sam3u_ssp.o [1]
G_u32SystemFlags        0x20001810    0x4  Data  Gb  main.o [1]
G_u32SystemTime1ms      0x20001828    0x4  Data  Gb  mpgl1-ehdw-03.o [1]
G_u32SystemTime1s       0x2000182c    0x4  Data  Gb  mpgl1-ehdw-03.o [1]
G_u32Uart0ApplicationFlags
                        0x20001880    0x4  Data  Gb  sam3u_uart.o [1]
G_u32UartApplicationFlags
                        0x2000187c    0x4  Data  Gb  sam3u_uart.o [1]
G_u8DebugScanfCharCount
                        0x200018dc    0x1  Data  Gb  debug.o [1]
GetButtonBitLocation    0x00083b2d   0x26  Code  Gb  buttons.o [1]
GpioSetup               0x00083703   0xea  Code  Gb  mpgl1-ehdw-03.o [1]
HDMA_IrqHandler         0x000845b9    0x2  Code  Wk  exceptions.o [1]
HEAP$$Base              0x20080000          --   Gb  - Linker created -
HEAP$$Limit             0x20084000          --   Gb  - Linker created -
HSMC4_IrqHandler        0x000845a1    0x2  Code  Wk  exceptions.o [1]
HardFault_Handler       0x000840d3   0x34  Code  Gb  interrupts.o [1]
InterruptSetup          0x00084089   0x4a  Code  Gb  interrupts.o [1]
IrqHandlerNotUsed       0x00084581    0x2  Code  Gb  exceptions.o [1]
IsTimeUp                0x00080f4d   0x38  Code  Gb  utilities.o [1]
LCDClearChars           0x00083f37   0x3a  Code  Gb  lcd_nhd-c0220biz.o [1]
LCDCommand              0x00083ed5   0x2a  Code  Gb  lcd_nhd-c0220biz.o [1]
LCDMessage              0x00083eff   0x38  Code  Gb  lcd_nhd-c0220biz.o [1]
LcdInitialize           0x00083f71   0xb2  Code  Gb  lcd_nhd-c0220biz.o [1]
LcdRunActiveState       0x00084023    0xa  Code  Gb  lcd_nhd-c0220biz.o [1]
LcdSM_Idle              0x0008405d    0x2  Code  Gb  lcd_nhd-c0220biz.o [1]
Lcd_StateMachine        0x20001808    0x4  Data  Lc  lcd_nhd-c0220biz.o [1]
Lcd_u32Timer            0x2000180c    0x4  Data  Lc  lcd_nhd-c0220biz.o [1]
LedBlink                0x00082adf   0x2c  Code  Gb  leds.o [1]
LedInitialize           0x00082b0b   0xc8  Code  Gb  leds.o [1]
LedOff                  0x00082a2b   0x58  Code  Gb  leds.o [1]
LedOn                   0x000829cd   0x5e  Code  Gb  leds.o [1]
LedPWM                  0x00082aa5   0x3a  Code  Gb  leds.o [1]
LedToggle               0x00082a83   0x22  Code  Gb  leds.o [1]
LedUpdate               0x00082bd3  0x162  Code  Gb  leds.o [1]
Led_au32BitPositions    0x200001dc   0x2c  Data  Lc  leds.o [1]
Leds_asLedArray         0x20000000   0x70  Data  Lc  leds.o [1]
MCI0_IrqHandler         0x000845a7    0x2  Code  Wk  exceptions.o [1]
MemManage_Handler       0x00084585    0x2  Code  Wk  exceptions.o [1]
MessagingIdle           0x0008240d   0x1c  Code  Gb  messaging.o [1]
MessagingInitialize     0x00082341   0x72  Code  Gb  messaging.o [1]
MessagingRunActiveState
                        0x000823b3    0xa  Code  Gb  messaging.o [1]
Messaging_pfnStateMachine
                        0x2000181c    0x4  Data  Lc  messaging.o [1]
Msg_Pool                0x200003e4  0x900  Data  Lc  messaging.o [1]
Msg_StatusQueue         0x20000ce4  0x300  Data  Lc  messaging.o [1]
Msg_pNextStatus         0x20001824    0x4  Data  Lc  messaging.o [1]
Msg_u32Token            0x20001820    0x4  Data  Lc  messaging.o [1]
Msg_u8QueuedMessageCount
                        0x200018df    0x1  Data  Lc  messaging.o [1]
NMI_Handler             0x00084583    0x2  Code  Wk  exceptions.o [1]
NVIC_ClearPendingIRQ    0x00083a45   0x14  Code  Lc  buttons.o [1]
NVIC_ClearPendingIRQ    0x00084075   0x14  Code  Lc  interrupts.o [1]
NVIC_ClearPendingIRQ    0x00082dff   0x16  Code  Lc  sam3u_i2c.o [1]
NVIC_ClearPendingIRQ    0x000817cf   0x16  Code  Lc  sam3u_ssp.o [1]
NVIC_ClearPendingIRQ    0x0008246b   0x16  Code  Lc  sam3u_uart.o [1]
NVIC_ClearPendingIRQ    0x00084239   0x14  Code  Lc  timer.o [1]
NVIC_DisableIRQ         0x00084061   0x14  Code  Lc  interrupts.o [1]
NVIC_EnableIRQ          0x00083a31   0x14  Code  Lc  buttons.o [1]
NVIC_EnableIRQ          0x00082de9   0x16  Code  Lc  sam3u_i2c.o [1]
NVIC_EnableIRQ          0x000817b9   0x16  Code  Lc  sam3u_ssp.o [1]
NVIC_EnableIRQ          0x00082455   0x16  Code  Lc  sam3u_uart.o [1]
NVIC_EnableIRQ          0x00084225   0x14  Code  Lc  timer.o [1]
PIOA_IrqHandler         0x00084143   0x54  Code  Gb  interrupts.o [1]
PIOB_IrqHandler         0x00084197   0x56  Code  Gb  interrupts.o [1]
PIOC_IrqHandler         0x000845a3    0x2  Code  Wk  exceptions.o [1]
PMC_IrqHandler          0x0008459b    0x2  Code  Wk  exceptions.o [1]
PWMAudioOff             0x000838a5    0x6  Code  Gb  mpgl1-ehdw-03.o [1]
PWMAudioOn              0x0008389f    0x6  Code  Gb  mpgl1-ehdw-03.o [1]
PWMAudioSetFrequency    0x00083849   0x56  Code  Gb  mpgl1-ehdw-03.o [1]
PWMSetupAudio           0x000837ed   0x5c  Code  Gb  mpgl1-ehdw-03.o [1]
PWM_IrqHandler          0x000845b3    0x2  Code  Wk  exceptions.o [1]
PendSV_Handler          0x0008458f    0x2  Code  Wk  exceptions.o [1]
QueryMessageStatus      0x000821b9   0x38  Code  Gb  messaging.o [1]
QueueMessage            0x000821f1   0xfa  Code  Gb  messaging.o [1]
RSTC_IrqHandler         0x00084593    0x2  Code  Wk  exceptions.o [1]
RTC_IrqHandler          0x00084595    0x2  Code  Wk  exceptions.o [1]
RTT_IrqHandler          0x00084597    0x2  Code  Wk  exceptions.o [1]
Region$$Table$$Base     0x00084778          --   Gb  - Linker created -
Region$$Table$$Limit    0x0008479c          --   Gb  - Linker created -
SD_Ssp                  0x200018a8    0x4  Data  Lc  sdcard.o [1]
SD_au8RxBuffer          0x20000fe4  0x224  Data  Lc  sdcard.o [1]
SD_pfnStateMachine      0x200018a4    0x4  Data  Lc  sdcard.o [1]
SD_pu8RxBufferNextByte  0x200018ac    0x4  Data  Lc  sdcard.o [1]
SD_pu8RxBufferParser    0x200018b0    0x4  Data  Lc  sdcard.o [1]
SD_sSspConfig           0x20001718   0x24  Data  Lc  sdcard.o [1]
SPI0_IrqHandler         0x000845ab    0x2  Code  Wk  exceptions.o [1]
SSC0_IrqHandler         0x000845ad    0x2  Code  Wk  exceptions.o [1]
SSP_Peripheral0         0x200015c8   0x34  Data  Lc  sam3u_ssp.o [1]
SSP_Peripheral1         0x200015fc   0x34  Data  Lc  sam3u_ssp.o [1]
SSP_Peripheral2         0x20001630   0x34  Data  Lc  sam3u_ssp.o [1]
SSP_au8Dummies          0x20001508   0x80  Data  Lc  sam3u_ssp.o [1]
SSP_psCurrentISR        0x20001868    0x4  Data  Lc  sam3u_ssp.o [1]
SSP_psCurrentSsp        0x20001864    0x4  Data  Lc  sam3u_ssp.o [1]
SSP_pu32SspApplicationFlagsISR
                        0x2000186c    0x4  Data  Lc  sam3u_ssp.o [1]
SSP_u32AntCounter       0x20001878    0x4  Data  Lc  sam3u_ssp.o [1]
SSP_u32Flags            0x20001860    0x4  Data  Lc  sam3u_ssp.o [1]
SSP_u32Int1Count        0x20001870    0x4  Data  Lc  sam3u_ssp.o [1]
SSP_u32Int2Count        0x20001874    0x4  Data  Lc  sam3u_ssp.o [1]
SSP_u32Timer            0x2000185c    0x4  Data  Lc  sam3u_ssp.o [1]
SUPC_IrqHandler         0x00084591    0x2  Code  Wk  exceptions.o [1]
SVC_Handler             0x0008458b    0x2  Code  Wk  exceptions.o [1]
SdCardInitialize        0x000843f9   0x8c  Code  Gb  sdcard.o [1]
SdCardRunActiveState    0x00084485    0xa  Code  Gb  sdcard.o [1]
SdIdleNoCard            0x00084491    0x2  Code  Lc  sdcard.o [1]
SspGenericHandler       0x00081b03  0x352  Code  Gb  sam3u_ssp.o [1]
SspInitialize           0x0008195d   0xfe  Code  Gb  sam3u_ssp.o [1]
SspManualMode           0x00081a67   0x48  Code  Gb  sam3u_ssp.o [1]
SspRequest              0x000817e5  0x148  Code  Gb  sam3u_ssp.o [1]
SspRunActiveState       0x00081a5b    0xc  Code  Gb  sam3u_ssp.o [1]
SspSM_Idle              0x00081e55  0x1c0  Code  Gb  sam3u_ssp.o [1]
SspWriteData            0x0008192d   0x30  Code  Gb  sam3u_ssp.o [1]
Ssp_pfnStateMachine     0x20001858    0x4  Data  Lc  sam3u_ssp.o [1]
SysTickSetup            0x00083659   0x22  Code  Gb  mpgl1-ehdw-03.o [1]
SysTick_Handler         0x00084107   0x3c  Code  Gb  interrupts.o [1]
SystemSleep             0x0008367b   0x7a  Code  Gb  mpgl1-ehdw-03.o [1]
SystemStatusReport      0x00081151   0x74  Code  Gb  debug.o [1]
TC0_IrqHandler          0x000845af    0x2  Code  Wk  exceptions.o [1]
TC1_IrqHandler          0x000842b9   0x24  Code  Gb  timer.o [1]
TC2_IrqHandler          0x000845b1    0x2  Code  Wk  exceptions.o [1]
TWI0                    0x20001844    0x4  Data  Lc  sam3u_i2c.o [1]
TWI0FillTxBuffer        0x000830d3   0x96  Code  Lc  sam3u_i2c.o [1]
TWI0WriteByte           0x00082e15   0xd6  Code  Gb  sam3u_i2c.o [1]
TWI0WriteData           0x00082eeb   0xda  Code  Gb  sam3u_i2c.o [1]
TWI0_IrqHandler         0x000831a7   0xb8  Code  Gb  sam3u_i2c.o [1]
TWI1_IrqHandler         0x000845a9    0x2  Code  Wk  exceptions.o [1]
TWIInitialize           0x00082fc5  0x102  Code  Gb  sam3u_i2c.o [1]
TWIManualMode           0x00083169   0x3e  Code  Lc  sam3u_i2c.o [1]
TWIRunActiveState       0x000830c7    0xc  Code  Gb  sam3u_i2c.o [1]
TWISM_Error             0x000834f1   0x94  Code  Gb  sam3u_i2c.o [1]
TWISM_Idle              0x00083261  0x142  Code  Gb  sam3u_i2c.o [1]
TWISM_Receiving         0x00083479   0x78  Code  Gb  sam3u_i2c.o [1]
TWISM_Transmitting      0x000833a5   0xd2  Code  Gb  sam3u_i2c.o [1]
TWI_MessageBuffer       0x20001308  0x100  Data  Lc  sam3u_i2c.o [1]
TWI_MessageBufferCurIndex
                        0x200018e1    0x1  Data  Lc  sam3u_i2c.o [1]
TWI_MessageBufferNextIndex
                        0x200018e0    0x1  Data  Lc  sam3u_i2c.o [1]
TWI_MessageQueueLength  0x200018e2    0x1  Data  Lc  sam3u_i2c.o [1]
TWI_Peripheral0         0x2000175c   0x10  Data  Lc  sam3u_i2c.o [1]
TWI_StateMachine        0x20001838    0x4  Data  Lc  sam3u_i2c.o [1]
TWI_pu8CurrentTxData    0x2000184c    0x4  Data  Lc  sam3u_i2c.o [1]
TWI_u32CurrentBytesRemaining
                        0x20001848    0x4  Data  Lc  sam3u_i2c.o [1]
TWI_u32Flags            0x20001840    0x4  Data  Lc  sam3u_i2c.o [1]
TWI_u32Timer            0x2000183c    0x4  Data  Lc  sam3u_i2c.o [1]
TimerDefaultCallback    0x0008405f    0x2  Code  Gb  timer.o [1]
TimerInitialize         0x0008424d   0x62  Code  Gb  timer.o [1]
TimerRunActiveState     0x000842af    0xa  Code  Gb  timer.o [1]
TimerSM_Idle            0x00084321    0x2  Code  Lc  timer.o [1]
Timer_StateMachine      0x200018b4    0x4  Data  Lc  timer.o [1]
Timer_u32Timer1Counter  0x200018bc    0x4  Data  Lc  timer.o [1]
UART_Peripheral         0x20001688   0x24  Data  Lc  sam3u_uart.o [1]
UART_Peripheral0        0x200016ac   0x24  Data  Lc  sam3u_uart.o [1]
UART_Peripheral1        0x200016d0   0x24  Data  Lc  sam3u_uart.o [1]
UART_Peripheral2        0x200016f4   0x24  Data  Lc  sam3u_uart.o [1]
UART_psCurrentISR       0x20001894    0x4  Data  Lc  sam3u_uart.o [1]
UART_psCurrentUart      0x20001890    0x4  Data  Lc  sam3u_uart.o [1]
UART_pu32ApplicationFlagsISR
                        0x20001898    0x4  Data  Lc  sam3u_uart.o [1]
UART_u32Flags           0x2000188c    0x4  Data  Lc  sam3u_uart.o [1]
UART_u32Int0Count       0x200018a0    0x4  Data  Lc  sam3u_uart.o [1]
UART_u32IntCount        0x2000189c    0x4  Data  Lc  sam3u_uart.o [1]
UART_u32Timer           0x20001888    0x4  Data  Lc  sam3u_uart.o [1]
UART_u8ActiveUarts      0x200018e3    0x1  Data  Lc  sam3u_uart.o [1]
UDPD_IrqHandler         0x000845bb    0x2  Code  Wk  exceptions.o [1]
USART0_IrqHandler       0x0008276f   0x1e  Code  Gb  sam3u_uart.o [1]
USART1_IrqHandler       0x00081aaf   0x2a  Code  Gb  sam3u_ssp.o [1]
USART2_IrqHandler       0x00081ad9   0x2a  Code  Gb  sam3u_ssp.o [1]
USART3_IrqHandler       0x000845a5    0x2  Code  Wk  exceptions.o [1]
UartGenericHandler      0x0008278d   0xf4  Code  Gb  sam3u_uart.o [1]
UartInitialize          0x00082615   0xfc  Code  Gb  sam3u_uart.o [1]
UartManualMode          0x0008271b   0x36  Code  Lc  sam3u_uart.o [1]
UartRequest             0x00082481  0x138  Code  Gb  sam3u_uart.o [1]
UartRunActiveState      0x00082711    0xa  Code  Gb  sam3u_uart.o [1]
UartSM_Idle             0x00082885   0xd8  Code  Gb  sam3u_uart.o [1]
UartWriteByte           0x000825b9   0x30  Code  Gb  sam3u_uart.o [1]
UartWriteData           0x000825e9   0x2c  Code  Gb  sam3u_uart.o [1]
Uart_pfnStateMachine    0x20001884    0x4  Data  Lc  sam3u_uart.o [1]
UpdateMessageStatus     0x000823bd   0x1c  Code  Gb  messaging.o [1]
UsageFault_Handler      0x00084589    0x2  Code  Wk  exceptions.o [1]
UserApp1Initialize      0x00083cc5    0xa  Code  Gb  user_app1.o [1]
UserApp1RunActiveState  0x00083ccf    0xa  Code  Gb  user_app1.o [1]
UserApp1SM_Idle         0x00083dd1   0xde  Code  Lc  user_app1.o [1]
UserApp1SM_state1       0x00083cd9   0x72  Code  Lc  user_app1.o [1]
UserApp1SM_state2       0x00083d4b   0x84  Code  Lc  user_app1.o [1]
UserApp1_StateMachine   0x200018c0    0x4  Data  Lc  user_app1.o [1]
UserApp2Initialize      0x000844b9    0xa  Code  Gb  user_app2.o [1]
UserApp2RunActiveState  0x000844c3    0xa  Code  Gb  user_app2.o [1]
UserApp2SM_Idle         0x000844d1    0x2  Code  Lc  user_app2.o [1]
UserApp2_StateMachine   0x200018c4    0x4  Data  Lc  user_app2.o [1]
UserApp3Initialize      0x000844d5    0xa  Code  Gb  user_app3.o [1]
UserApp3RunActiveState  0x000844df    0xa  Code  Gb  user_app3.o [1]
UserApp3SM_Idle         0x000844ed    0x2  Code  Lc  user_app3.o [1]
UserApp3_StateMachine   0x200018c8    0x4  Data  Lc  user_app3.o [1]
WDT_IrqHandler          0x00084599    0x2  Code  Wk  exceptions.o [1]
WasButtonPressed        0x00083a59   0x12  Code  Gb  buttons.o [1]
WatchDogSetup           0x000836f5    0xe  Code  Gb  mpgl1-ehdw-03.o [1]
__ICFEDIT_intvec_start__ {Abs}
                        0x00080000          --   Gb  command line/config [2]
__aeabi_memset          0x00082d55         Code  Gb  ABImemset.o [4]
__as_entries_start      0xffffffff          --   Gb  command line/config [2]
__as_table_start        0xffffffff          --   Gb  command line/config [2]
__cmain                 0x00084815         Code  Gb  cmain.o [4]
__data_Aldata           0x20001784    0x8  Data  Gb  xxmemxmalloc.o [3]
__data_GetMemChunk      0x00082dbd   0x2c  Code  Gb  xgetmemchunk.o [3]
__exit                  0x00084855   0x14  Code  Gb  exit.o [5]
__iar_Memset            0x00082d55         Code  Gb  ABImemset.o [4]
__iar_Memset_word       0x00082d5d         Code  Gb  ABImemset.o [4]
__iar_copy_init3        0x00080f1f   0x2e  Code  Gb  copy_init3.o [4]
__iar_data_init3        0x000845e9   0x28  Code  Gb  data_init.o [4]
__iar_program_start     0x0008499d         Code  Gb  cstartup_M.o [4]
__iar_unaligned___aeabi_memcpy
                        0x00080f89         Code  Gb  ABImemcpy_unaligned.o [4]
__iar_unaligned___aeabi_memcpy4
                        0x00080fa9         Code  Gb  ABImemcpy_unaligned.o [4]
__iar_unaligned___aeabi_memcpy8
                        0x00080fa9         Code  Gb  ABImemcpy_unaligned.o [4]
__iar_zero_init3        0x00080fff   0x22  Code  Gb  zero_init3.o [4]
__low_level_init        0x00084831   0x14  Code  Gb  board_cstartup_iar.o [1]
__vector_table          0x00080000   0xbc  Data  Gb  board_cstartup_iar.o [1]
_call_main              0x00084821         Code  Gb  cmain.o [4]
_exit                   0x00084849         Code  Gb  cexit.o [4]
_main                   0x0008482b         Code  Gb  cmain.o [4]
exit                    0x00084845    0x4  Code  Gb  exit.o [3]
fpTimer1Callback        0x200018b8    0x4  Data  Lc  timer.o [1]
free                    0x00082139   0x7a  Code  Gb  xxmemxfree.o [3]
main                    0x00084325   0xd4  Code  Gb  main.o [1]
malloc                  0x00082089   0xac  Code  Gb  xxmemxmalloc.o [3]


[1] = D:\EIE\Razor_Atmel-master\firmware_mpgl1\iar_7_20_1\Debug\Obj
[2] = command line
[3] = dl7M_tln.a
[4] = rt7M_tl.a
[5] = shb_l.a

  17 652 bytes of readonly  code memory
   2 232 bytes of readonly  data memory
  26 852 bytes of readwrite data memory

Errors: none
Warnings: none
